------------------------------------------------------------
Timing Analyzer Summary
------------------------------------------------------------

Type  : Slow 1200mV 85C Model Setup 'pll:pll_inst|altpll:altpll_component|_clk0'
Slack : -2.382
TNS   : -624.658

Type  : Slow 1200mV 85C Model Setup 'n/a'
Slack : 0.287
TNS   : 0.000

Type  : Slow 1200mV 85C Model Hold 'pll:pll_inst|altpll:altpll_component|_clk0'
Slack : 0.349
TNS   : 0.000

Type  : Slow 1200mV 85C Model Hold 'n/a'
Slack : 2.923
TNS   : 0.000

Type  : Slow 1200mV 85C Model Minimum Pulse Width 'pll:pll_inst|altpll:altpll_component|_clk0'
Slack : 5.864
TNS   : 0.000

Type  : Slow 1200mV 85C Model Minimum Pulse Width 'clk'
Slack : 9.819
TNS   : 0.000

Type  : Slow 1200mV 0C Model Setup 'pll:pll_inst|altpll:altpll_component|_clk0'
Slack : -1.126
TNS   : -52.201

Type  : Slow 1200mV 0C Model Setup 'n/a'
Slack : 0.792
TNS   : 0.000

Type  : Slow 1200mV 0C Model Hold 'pll:pll_inst|altpll:altpll_component|_clk0'
Slack : 0.337
TNS   : 0.000

Type  : Slow 1200mV 0C Model Hold 'n/a'
Slack : 2.689
TNS   : 0.000

Type  : Slow 1200mV 0C Model Minimum Pulse Width 'pll:pll_inst|altpll:altpll_component|_clk0'
Slack : 5.898
TNS   : 0.000

Type  : Slow 1200mV 0C Model Minimum Pulse Width 'clk'
Slack : 9.799
TNS   : 0.000

Type  : Fast 1200mV 0C Model Setup 'pll:pll_inst|altpll:altpll_component|_clk0'
Slack : 1.360
TNS   : 0.000

Type  : Fast 1200mV 0C Model Setup 'n/a'
Slack : 2.299
TNS   : 0.000

Type  : Fast 1200mV 0C Model Hold 'pll:pll_inst|altpll:altpll_component|_clk0'
Slack : 0.144
TNS   : 0.000

Type  : Fast 1200mV 0C Model Hold 'n/a'
Slack : 1.596
TNS   : 0.000

Type  : Fast 1200mV 0C Model Minimum Pulse Width 'pll:pll_inst|altpll:altpll_component|_clk0'
Slack : 6.001
TNS   : 0.000

Type  : Fast 1200mV 0C Model Minimum Pulse Width 'clk'
Slack : 9.400
TNS   : 0.000

------------------------------------------------------------
